  Determining projects to restore...
  All projects are up-to-date for restore.
d:\Project\github\XeniaOnePortalBackend\Models\Ticket\TI_Company.cs(12,19): warning CS8618: Non-nullable property 'CompanyName' must contain a non-null value when exiting constructor. Consider adding the 'required' modifier or declaring the property as nullable. [d:\Project\github\XeniaOnePortalBackend\XeniaOneProtalBackend.csproj]
d:\Project\github\XeniaOnePortalBackend\Models\Ticket\TI_Company.cs(14,19): warning CS8618: Non-nullable property 'CompanyAddress' must contain a non-null value when exiting constructor. Consider adding the 'required' modifier or declaring the property as nullable. [d:\Project\github\XeniaOnePortalBackend\XeniaOneProtalBackend.csproj]
d:\Project\github\XeniaOnePortalBackend\Models\Ticket\TI_Company.cs(17,19): warning CS8618: Non-nullable property 'CompanyPhone1' must contain a non-null value when exiting constructor. Consider adding the 'required' modifier or declaring the property as nullable. [d:\Project\github\XeniaOnePortalBackend\XeniaOneProtalBackend.csproj]
d:\Project\github\XeniaOnePortalBackend\Models\Ticket\TI_Company.cs(20,19): warning CS8618: Non-nullable property 'CompanyPhone2' must contain a non-null value when exiting constructor. Consider adding the 'required' modifier or declaring the property as nullable. [d:\Project\github\XeniaOnePortalBackend\XeniaOneProtalBackend.csproj]
d:\Project\github\XeniaOnePortalBackend\Models\Ticket\TI_Company.cs(23,19): warning CS8618: Non-nullable property 'CompanyRegNo' must contain a non-null value when exiting constructor. Consider adding the 'required' modifier or declaring the property as nullable. [d:\Project\github\XeniaOnePortalBackend\XeniaOneProtalBackend.csproj]
d:\Project\github\XeniaOnePortalBackend\Models\Ticket\TI_Company.cs(32,19): warning CS8618: Non-nullable property 'StateName' must contain a non-null value when exiting constructor. Consider adding the 'required' modifier or declaring the property as nullable. [d:\Project\github\XeniaOnePortalBackend\XeniaOneProtalBackend.csproj]
d:\Project\github\XeniaOnePortalBackend\Dtos\SubscriptionHistoryDto.cs(10,23): warning CS8618: Non-nullable property 'Status' must contain a non-null value when exiting constructor. Consider adding the 'required' modifier or declaring the property as nullable. [d:\Project\github\XeniaOnePortalBackend\XeniaOneProtalBackend.csproj]
d:\Project\github\XeniaOnePortalBackend\Dtos\SubscriptionHistoryDto.cs(12,23): warning CS8618: Non-nullable property 'PlanName' must contain a non-null value when exiting constructor. Consider adding the 'required' modifier or declaring the property as nullable. [d:\Project\github\XeniaOnePortalBackend\XeniaOneProtalBackend.csproj]
d:\Project\github\XeniaOnePortalBackend\Dtos\SubscriptionCatalogPlanResponseDto.cs(8,23): warning CS8618: Non-nullable property 'PlanName' must contain a non-null value when exiting constructor. Consider adding the 'required' modifier or declaring the property as nullable. [d:\Project\github\XeniaOnePortalBackend\XeniaOneProtalBackend.csproj]
d:\Project\github\XeniaOnePortalBackend\Dtos\SubscriptionCatalogPlanResponseDto.cs(10,23): warning CS8618: Non-nullable property 'ModuleName' must contain a non-null value when exiting constructor. Consider adding the 'required' modifier or declaring the property as nullable. [d:\Project\github\XeniaOnePortalBackend\XeniaOneProtalBackend.csproj]
d:\Project\github\XeniaOnePortalBackend\Dtos\SubscriptionAddonDto.cs(8,23): warning CS8618: Non-nullable property 'Status' must contain a non-null value when exiting constructor. Consider adding the 'required' modifier or declaring the property as nullable. [d:\Project\github\XeniaOnePortalBackend\XeniaOneProtalBackend.csproj]
d:\Project\github\XeniaOnePortalBackend\Program.cs(127,80): warning CS8604: Possible null reference argument for parameter 's' in 'byte[] Encoding.GetBytes(string s)'. [d:\Project\github\XeniaOnePortalBackend\XeniaOneProtalBackend.csproj]
d:\Project\github\XeniaOnePortalBackend\Dtos\CompanyTokenSubscriptionAddonCreateDto.cs(10,23): warning CS8618: Non-nullable property 'Status' must contain a non-null value when exiting constructor. Consider adding the 'required' modifier or declaring the property as nullable. [d:\Project\github\XeniaOnePortalBackend\XeniaOneProtalBackend.csproj]
d:\Project\github\XeniaOnePortalBackend\Models\Temple\TK_CompanySubscriptionAddon.cs(29,23): warning CS8618: Non-nullable property 'Status' must contain a non-null value when exiting constructor. Consider adding the 'required' modifier or declaring the property as nullable. [d:\Project\github\XeniaOnePortalBackend\XeniaOneProtalBackend.csproj]
d:\Project\github\XeniaOnePortalBackend\Dtos\CompanyTicketSubscriptionAddonCreateDto.cs(10,23): warning CS8618: Non-nullable property 'Status' must contain a non-null value when exiting constructor. Consider adding the 'required' modifier or declaring the property as nullable. [d:\Project\github\XeniaOnePortalBackend\XeniaOneProtalBackend.csproj]
d:\Project\github\XeniaOnePortalBackend\Dtos\CompanyTempleSubscriptionAddonCreateDto.cs(10,23): warning CS8618: Non-nullable property 'Status' must contain a non-null value when exiting constructor. Consider adding the 'required' modifier or declaring the property as nullable. [d:\Project\github\XeniaOnePortalBackend\XeniaOneProtalBackend.csproj]
d:\Project\github\XeniaOnePortalBackend\Dtos\CompanyRentalRegistrationRequestDto.cs(7,23): warning CS8618: Non-nullable property 'address' must contain a non-null value when exiting constructor. Consider adding the 'required' modifier or declaring the property as nullable. [d:\Project\github\XeniaOnePortalBackend\XeniaOneProtalBackend.csproj]
d:\Project\github\XeniaOnePortalBackend\Dtos\CompanyRentalRegistrationRequestDto.cs(9,23): warning CS8618: Non-nullable property 'email' must contain a non-null value when exiting constructor. Consider adding the 'required' modifier or declaring the property as nullable. [d:\Project\github\XeniaOnePortalBackend\XeniaOneProtalBackend.csproj]
d:\Project\github\XeniaOnePortalBackend\Dtos\CompanyRentalRegistrationRequestDto.cs(11,23): warning CS8618: Non-nullable property 'phoneNumber' must contain a non-null value when exiting constructor. Consider adding the 'required' modifier or declaring the property as nullable. [d:\Project\github\XeniaOnePortalBackend\XeniaOneProtalBackend.csproj]
d:\Project\github\XeniaOnePortalBackend\Dtos\CompanyRentalRegistrationRequestDto.cs(13,23): warning CS8618: Non-nullable property 'pin' must contain a non-null value when exiting constructor. Consider adding the 'required' modifier or declaring the property as nullable. [d:\Project\github\XeniaOnePortalBackend\XeniaOneProtalBackend.csproj]
d:\Project\github\XeniaOnePortalBackend\Dtos\CompanyCatalogSubscriptionAddonCreateDto.cs(10,23): warning CS8618: Non-nullable property 'Status' must contain a non-null value when exiting constructor. Consider adding the 'required' modifier or declaring the property as nullable. [d:\Project\github\XeniaOnePortalBackend\XeniaOneProtalBackend.csproj]
d:\Project\github\XeniaOnePortalBackend\Models\Rental\XRS_Company.cs(14,23): warning CS8618: Non-nullable property 'address' must contain a non-null value when exiting constructor. Consider adding the 'required' modifier or declaring the property as nullable. [d:\Project\github\XeniaOnePortalBackend\XeniaOneProtalBackend.csproj]
d:\Project\github\XeniaOnePortalBackend\Models\Rental\XRS_Company.cs(16,24): warning CS8618: Non-nullable property 'email' must contain a non-null value when exiting constructor. Consider adding the 'required' modifier or declaring the property as nullable. [d:\Project\github\XeniaOnePortalBackend\XeniaOneProtalBackend.csproj]
d:\Project\github\XeniaOnePortalBackend\Models\Rental\XRS_Company.cs(18,23): warning CS8618: Non-nullable property 'phoneNumber' must contain a non-null value when exiting constructor. Consider adding the 'required' modifier or declaring the property as nullable. [d:\Project\github\XeniaOnePortalBackend\XeniaOneProtalBackend.csproj]
d:\Project\github\XeniaOnePortalBackend\Models\Rental\XRS_Company.cs(20,24): warning CS8618: Non-nullable property 'pin' must contain a non-null value when exiting constructor. Consider adding the 'required' modifier or declaring the property as nullable. [d:\Project\github\XeniaOnePortalBackend\XeniaOneProtalBackend.csproj]
d:\Project\github\XeniaOnePortalBackend\Models\Catalog\CT_SubscribePlan.cs(15,23): warning CS8618: Non-nullable property 'PlanName' must contain a non-null value when exiting constructor. Consider adding the 'required' modifier or declaring the property as nullable. [d:\Project\github\XeniaOnePortalBackend\XeniaOneProtalBackend.csproj]
d:\Project\github\XeniaOnePortalBackend\Repositories\CompanyRegistration\CompanyRegistrationRepository.cs(352,32): warning CS8601: Possible null reference assignment. [d:\Project\github\XeniaOnePortalBackend\XeniaOneProtalBackend.csproj]
d:\Project\github\XeniaOnePortalBackend\Repositories\CompanyRegistration\CompanyRegistrationRepository.cs(353,32): warning CS8601: Possible null reference assignment. [d:\Project\github\XeniaOnePortalBackend\XeniaOneProtalBackend.csproj]
d:\Project\github\XeniaOnePortalBackend\Repositories\SubscriptionPlan\SubscribePlanRepository.cs(1272,28): warning CS8601: Possible null reference assignment. [d:\Project\github\XeniaOnePortalBackend\XeniaOneProtalBackend.csproj]
d:\Project\github\XeniaOnePortalBackend\Repositories\SubscriptionPlan\SubscribePlanRepository.cs(1312,29): warning CS8601: Possible null reference assignment. [d:\Project\github\XeniaOnePortalBackend\XeniaOneProtalBackend.csproj]
d:\Project\github\XeniaOnePortalBackend\Repositories\CompanyRegistration\CompanyRegistrationRepository.cs(1157,31): warning CS8601: Possible null reference assignment. [d:\Project\github\XeniaOnePortalBackend\XeniaOneProtalBackend.csproj]
d:\Project\github\XeniaOnePortalBackend\Repositories\CompanyRegistration\CompanyRegistrationRepository.cs(1159,29): warning CS8601: Possible null reference assignment. [d:\Project\github\XeniaOnePortalBackend\XeniaOneProtalBackend.csproj]
d:\Project\github\XeniaOnePortalBackend\Repositories\CompanyRegistration\CompanyRegistrationRepository.cs(1160,35): warning CS8601: Possible null reference assignment. [d:\Project\github\XeniaOnePortalBackend\XeniaOneProtalBackend.csproj]
d:\Project\github\XeniaOnePortalBackend\Repositories\CompanyRegistration\CompanyRegistrationRepository.cs(1161,27): warning CS8601: Possible null reference assignment. [d:\Project\github\XeniaOnePortalBackend\XeniaOneProtalBackend.csproj]
d:\Project\github\XeniaOnePortalBackend\Repositories\CompanyRegistration\CompanyRegistrationRepository.cs(1191,38): warning CS8601: Possible null reference assignment. [d:\Project\github\XeniaOnePortalBackend\XeniaOneProtalBackend.csproj]
d:\Project\github\XeniaOnePortalBackend\Repositories\CompanyRegistration\CompanyRegistrationRepository.cs(1192,37): warning CS8601: Possible null reference assignment. [d:\Project\github\XeniaOnePortalBackend\XeniaOneProtalBackend.csproj]
d:\Project\github\XeniaOnePortalBackend\Repositories\CompanyRegistration\CompanyRegistrationRepository.cs(1193,37): warning CS8601: Possible null reference assignment. [d:\Project\github\XeniaOnePortalBackend\XeniaOneProtalBackend.csproj]
d:\Project\github\XeniaOnePortalBackend\Repositories\CompanyRegistration\CompanyRegistrationRepository.cs(1194,36): warning CS8601: Possible null reference assignment. [d:\Project\github\XeniaOnePortalBackend\XeniaOneProtalBackend.csproj]
d:\Project\github\XeniaOnePortalBackend\Repositories\CompanyRegistration\CompanyRegistrationRepository.cs(1197,33): warning CS8601: Possible null reference assignment. [d:\Project\github\XeniaOnePortalBackend\XeniaOneProtalBackend.csproj]
d:\Project\github\XeniaOnePortalBackend\Repositories\CompanyRegistration\CompanyRegistrationRepository.cs(1368,33): warning CS8601: Possible null reference assignment. [d:\Project\github\XeniaOnePortalBackend\XeniaOneProtalBackend.csproj]
d:\Project\github\XeniaOnePortalBackend\Repositories\SubscriptionPlan\SubscribePlanRepository.cs(1737,29): warning CS8601: Possible null reference assignment. [d:\Project\github\XeniaOnePortalBackend\XeniaOneProtalBackend.csproj]
  XeniaOneProtalBackend -> d:\Project\github\XeniaOnePortalBackend\bin\Debug\net9.0\XeniaRegistrationBackend.dll

Build succeeded.

d:\Project\github\XeniaOnePortalBackend\Models\Ticket\TI_Company.cs(12,19): warning CS8618: Non-nullable property 'CompanyName' must contain a non-null value when exiting constructor. Consider adding the 'required' modifier or declaring the property as nullable. [d:\Project\github\XeniaOnePortalBackend\XeniaOneProtalBackend.csproj]
d:\Project\github\XeniaOnePortalBackend\Models\Ticket\TI_Company.cs(14,19): warning CS8618: Non-nullable property 'CompanyAddress' must contain a non-null value when exiting constructor. Consider adding the 'required' modifier or declaring the property as nullable. [d:\Project\github\XeniaOnePortalBackend\XeniaOneProtalBackend.csproj]
d:\Project\github\XeniaOnePortalBackend\Models\Ticket\TI_Company.cs(17,19): warning CS8618: Non-nullable property 'CompanyPhone1' must contain a non-null value when exiting constructor. Consider adding the 'required' modifier or declaring the property as nullable. [d:\Project\github\XeniaOnePortalBackend\XeniaOneProtalBackend.csproj]
d:\Project\github\XeniaOnePortalBackend\Models\Ticket\TI_Company.cs(20,19): warning CS8618: Non-nullable property 'CompanyPhone2' must contain a non-null value when exiting constructor. Consider adding the 'required' modifier or declaring the property as nullable. [d:\Project\github\XeniaOnePortalBackend\XeniaOneProtalBackend.csproj]
d:\Project\github\XeniaOnePortalBackend\Models\Ticket\TI_Company.cs(23,19): warning CS8618: Non-nullable property 'CompanyRegNo' must contain a non-null value when exiting constructor. Consider adding the 'required' modifier or declaring the property as nullable. [d:\Project\github\XeniaOnePortalBackend\XeniaOneProtalBackend.csproj]
d:\Project\github\XeniaOnePortalBackend\Models\Ticket\TI_Company.cs(32,19): warning CS8618: Non-nullable property 'StateName' must contain a non-null value when exiting constructor. Consider adding the 'required' modifier or declaring the property as nullable. [d:\Project\github\XeniaOnePortalBackend\XeniaOneProtalBackend.csproj]
d:\Project\github\XeniaOnePortalBackend\Dtos\SubscriptionHistoryDto.cs(10,23): warning CS8618: Non-nullable property 'Status' must contain a non-null value when exiting constructor. Consider adding the 'required' modifier or declaring the property as nullable. [d:\Project\github\XeniaOnePortalBackend\XeniaOneProtalBackend.csproj]
d:\Project\github\XeniaOnePortalBackend\Dtos\SubscriptionHistoryDto.cs(12,23): warning CS8618: Non-nullable property 'PlanName' must contain a non-null value when exiting constructor. Consider adding the 'required' modifier or declaring the property as nullable. [d:\Project\github\XeniaOnePortalBackend\XeniaOneProtalBackend.csproj]
d:\Project\github\XeniaOnePortalBackend\Dtos\SubscriptionCatalogPlanResponseDto.cs(8,23): warning CS8618: Non-nullable property 'PlanName' must contain a non-null value when exiting constructor. Consider adding the 'required' modifier or declaring the property as nullable. [d:\Project\github\XeniaOnePortalBackend\XeniaOneProtalBackend.csproj]
d:\Project\github\XeniaOnePortalBackend\Dtos\SubscriptionCatalogPlanResponseDto.cs(10,23): warning CS8618: Non-nullable property 'ModuleName' must contain a non-null value when exiting constructor. Consider adding the 'required' modifier or declaring the property as nullable. [d:\Project\github\XeniaOnePortalBackend\XeniaOneProtalBackend.csproj]
d:\Project\github\XeniaOnePortalBackend\Dtos\SubscriptionAddonDto.cs(8,23): warning CS8618: Non-nullable property 'Status' must contain a non-null value when exiting constructor. Consider adding the 'required' modifier or declaring the property as nullable. [d:\Project\github\XeniaOnePortalBackend\XeniaOneProtalBackend.csproj]
d:\Project\github\XeniaOnePortalBackend\Program.cs(127,80): warning CS8604: Possible null reference argument for parameter 's' in 'byte[] Encoding.GetBytes(string s)'. [d:\Project\github\XeniaOnePortalBackend\XeniaOneProtalBackend.csproj]
d:\Project\github\XeniaOnePortalBackend\Dtos\CompanyTokenSubscriptionAddonCreateDto.cs(10,23): warning CS8618: Non-nullable property 'Status' must contain a non-null value when exiting constructor. Consider adding the 'required' modifier or declaring the property as nullable. [d:\Project\github\XeniaOnePortalBackend\XeniaOneProtalBackend.csproj]
d:\Project\github\XeniaOnePortalBackend\Models\Temple\TK_CompanySubscriptionAddon.cs(29,23): warning CS8618: Non-nullable property 'Status' must contain a non-null value when exiting constructor. Consider adding the 'required' modifier or declaring the property as nullable. [d:\Project\github\XeniaOnePortalBackend\XeniaOneProtalBackend.csproj]
d:\Project\github\XeniaOnePortalBackend\Dtos\CompanyTicketSubscriptionAddonCreateDto.cs(10,23): warning CS8618: Non-nullable property 'Status' must contain a non-null value when exiting constructor. Consider adding the 'required' modifier or declaring the property as nullable. [d:\Project\github\XeniaOnePortalBackend\XeniaOneProtalBackend.csproj]
d:\Project\github\XeniaOnePortalBackend\Dtos\CompanyTempleSubscriptionAddonCreateDto.cs(10,23): warning CS8618: Non-nullable property 'Status' must contain a non-null value when exiting constructor. Consider adding the 'required' modifier or declaring the property as nullable. [d:\Project\github\XeniaOnePortalBackend\XeniaOneProtalBackend.csproj]
d:\Project\github\XeniaOnePortalBackend\Dtos\CompanyRentalRegistrationRequestDto.cs(7,23): warning CS8618: Non-nullable property 'address' must contain a non-null value when exiting constructor. Consider adding the 'required' modifier or declaring the property as nullable. [d:\Project\github\XeniaOnePortalBackend\XeniaOneProtalBackend.csproj]
d:\Project\github\XeniaOnePortalBackend\Dtos\CompanyRentalRegistrationRequestDto.cs(9,23): warning CS8618: Non-nullable property 'email' must contain a non-null value when exiting constructor. Consider adding the 'required' modifier or declaring the property as nullable. [d:\Project\github\XeniaOnePortalBackend\XeniaOneProtalBackend.csproj]
d:\Project\github\XeniaOnePortalBackend\Dtos\CompanyRentalRegistrationRequestDto.cs(11,23): warning CS8618: Non-nullable property 'phoneNumber' must contain a non-null value when exiting constructor. Consider adding the 'required' modifier or declaring the property as nullable. [d:\Project\github\XeniaOnePortalBackend\XeniaOneProtalBackend.csproj]
d:\Project\github\XeniaOnePortalBackend\Dtos\CompanyRentalRegistrationRequestDto.cs(13,23): warning CS8618: Non-nullable property 'pin' must contain a non-null value when exiting constructor. Consider adding the 'required' modifier or declaring the property as nullable. [d:\Project\github\XeniaOnePortalBackend\XeniaOneProtalBackend.csproj]
d:\Project\github\XeniaOnePortalBackend\Dtos\CompanyCatalogSubscriptionAddonCreateDto.cs(10,23): warning CS8618: Non-nullable property 'Status' must contain a non-null value when exiting constructor. Consider adding the 'required' modifier or declaring the property as nullable. [d:\Project\github\XeniaOnePortalBackend\XeniaOneProtalBackend.csproj]
d:\Project\github\XeniaOnePortalBackend\Models\Rental\XRS_Company.cs(14,23): warning CS8618: Non-nullable property 'address' must contain a non-null value when exiting constructor. Consider adding the 'required' modifier or declaring the property as nullable. [d:\Project\github\XeniaOnePortalBackend\XeniaOneProtalBackend.csproj]
d:\Project\github\XeniaOnePortalBackend\Models\Rental\XRS_Company.cs(16,24): warning CS8618: Non-nullable property 'email' must contain a non-null value when exiting constructor. Consider adding the 'required' modifier or declaring the property as nullable. [d:\Project\github\XeniaOnePortalBackend\XeniaOneProtalBackend.csproj]
d:\Project\github\XeniaOnePortalBackend\Models\Rental\XRS_Company.cs(18,23): warning CS8618: Non-nullable property 'phoneNumber' must contain a non-null value when exiting constructor. Consider adding the 'required' modifier or declaring the property as nullable. [d:\Project\github\XeniaOnePortalBackend\XeniaOneProtalBackend.csproj]
d:\Project\github\XeniaOnePortalBackend\Models\Rental\XRS_Company.cs(20,24): warning CS8618: Non-nullable property 'pin' must contain a non-null value when exiting constructor. Consider adding the 'required' modifier or declaring the property as nullable. [d:\Project\github\XeniaOnePortalBackend\XeniaOneProtalBackend.csproj]
d:\Project\github\XeniaOnePortalBackend\Models\Catalog\CT_SubscribePlan.cs(15,23): warning CS8618: Non-nullable property 'PlanName' must contain a non-null value when exiting constructor. Consider adding the 'required' modifier or declaring the property as nullable. [d:\Project\github\XeniaOnePortalBackend\XeniaOneProtalBackend.csproj]
d:\Project\github\XeniaOnePortalBackend\Repositories\CompanyRegistration\CompanyRegistrationRepository.cs(352,32): warning CS8601: Possible null reference assignment. [d:\Project\github\XeniaOnePortalBackend\XeniaOneProtalBackend.csproj]
d:\Project\github\XeniaOnePortalBackend\Repositories\CompanyRegistration\CompanyRegistrationRepository.cs(353,32): warning CS8601: Possible null reference assignment. [d:\Project\github\XeniaOnePortalBackend\XeniaOneProtalBackend.csproj]
d:\Project\github\XeniaOnePortalBackend\Repositories\SubscriptionPlan\SubscribePlanRepository.cs(1272,28): warning CS8601: Possible null reference assignment. [d:\Project\github\XeniaOnePortalBackend\XeniaOneProtalBackend.csproj]
d:\Project\github\XeniaOnePortalBackend\Repositories\SubscriptionPlan\SubscribePlanRepository.cs(1312,29): warning CS8601: Possible null reference assignment. [d:\Project\github\XeniaOnePortalBackend\XeniaOneProtalBackend.csproj]
d:\Project\github\XeniaOnePortalBackend\Repositories\CompanyRegistration\CompanyRegistrationRepository.cs(1157,31): warning CS8601: Possible null reference assignment. [d:\Project\github\XeniaOnePortalBackend\XeniaOneProtalBackend.csproj]
d:\Project\github\XeniaOnePortalBackend\Repositories\CompanyRegistration\CompanyRegistrationRepository.cs(1159,29): warning CS8601: Possible null reference assignment. [d:\Project\github\XeniaOnePortalBackend\XeniaOneProtalBackend.csproj]
d:\Project\github\XeniaOnePortalBackend\Repositories\CompanyRegistration\CompanyRegistrationRepository.cs(1160,35): warning CS8601: Possible null reference assignment. [d:\Project\github\XeniaOnePortalBackend\XeniaOneProtalBackend.csproj]
d:\Project\github\XeniaOnePortalBackend\Repositories\CompanyRegistration\CompanyRegistrationRepository.cs(1161,27): warning CS8601: Possible null reference assignment. [d:\Project\github\XeniaOnePortalBackend\XeniaOneProtalBackend.csproj]
d:\Project\github\XeniaOnePortalBackend\Repositories\CompanyRegistration\CompanyRegistrationRepository.cs(1191,38): warning CS8601: Possible null reference assignment. [d:\Project\github\XeniaOnePortalBackend\XeniaOneProtalBackend.csproj]
d:\Project\github\XeniaOnePortalBackend\Repositories\CompanyRegistration\CompanyRegistrationRepository.cs(1192,37): warning CS8601: Possible null reference assignment. [d:\Project\github\XeniaOnePortalBackend\XeniaOneProtalBackend.csproj]
d:\Project\github\XeniaOnePortalBackend\Repositories\CompanyRegistration\CompanyRegistrationRepository.cs(1193,37): warning CS8601: Possible null reference assignment. [d:\Project\github\XeniaOnePortalBackend\XeniaOneProtalBackend.csproj]
d:\Project\github\XeniaOnePortalBackend\Repositories\CompanyRegistration\CompanyRegistrationRepository.cs(1194,36): warning CS8601: Possible null reference assignment. [d:\Project\github\XeniaOnePortalBackend\XeniaOneProtalBackend.csproj]
d:\Project\github\XeniaOnePortalBackend\Repositories\CompanyRegistration\CompanyRegistrationRepository.cs(1197,33): warning CS8601: Possible null reference assignment. [d:\Project\github\XeniaOnePortalBackend\XeniaOneProtalBackend.csproj]
d:\Project\github\XeniaOnePortalBackend\Repositories\CompanyRegistration\CompanyRegistrationRepository.cs(1368,33): warning CS8601: Possible null reference assignment. [d:\Project\github\XeniaOnePortalBackend\XeniaOneProtalBackend.csproj]
d:\Project\github\XeniaOnePortalBackend\Repositories\SubscriptionPlan\SubscribePlanRepository.cs(1737,29): warning CS8601: Possible null reference assignment. [d:\Project\github\XeniaOnePortalBackend\XeniaOneProtalBackend.csproj]
    41 Warning(s)
    0 Error(s)

Time Elapsed 00:00:05.58
